#
# There is insufficient memory for the Java Runtime Environment to continue.
# Native memory allocation (malloc) failed to allocate 1048576 bytes. Error detail: AllocateHeap
# Possible reasons:
#   The system is out of physical RAM or swap space
#   This process is running with CompressedOops enabled, and the Java Heap may be blocking the growth of the native heap
# Possible solutions:
#   Reduce memory load on the system
#   Increase physical memory or swap space
#   Check if swap backing store is full
#   Decrease Java heap size (-Xmx/-Xms)
#   Decrease number of Java threads
#   Decrease Java thread stack sizes (-Xss)
#   Set larger code cache with -XX:ReservedCodeCacheSize=
#   JVM is running with Unscaled Compressed Oops mode in which the Java heap is
#     placed in the first 4GB address space. The Java Heap base address is the
#     maximum limit for the native heap growth. Please use -XX:HeapBaseMinAddress
#     to set the Java Heap base and to place the Java Heap above 4GB virtual address.
# This output file may be truncated or incomplete.
#
#  Out of Memory Error (allocation.cpp:44), pid=24712, tid=23668
#
# JRE version: OpenJDK Runtime Environment Temurin-21.0.10+7 (21.0.10+7) (build 21.0.10+7-LTS)
# Java VM: OpenJDK 64-Bit Server VM Temurin-21.0.10+7 (21.0.10+7-LTS, mixed mode, sharing, tiered, compressed oops, compressed class ptrs, parallel gc, windows-amd64)
# No core dump will be written. Minidumps are not enabled by default on client versions of Windows
#

---------------  S U M M A R Y ------------

Command Line: --add-modules=ALL-SYSTEM --add-opens=java.base/java.util=ALL-UNNAMED --add-opens=java.base/java.lang=ALL-UNNAMED --add-opens=java.base/sun.nio.fs=ALL-UNNAMED -Declipse.application=org.eclipse.jdt.ls.core.id1 -Dosgi.bundles.defaultStartLevel=4 -Declipse.product=org.eclipse.jdt.ls.core.product -Djava.import.generatesMetadataFilesAtProjectRoot=false -DDetectVMInstallationsJob.disabled=true -Dfile.encoding=utf8 -XX:+UseParallelGC -XX:GCTimeRatio=4 -XX:AdaptiveSizePolicyWeight=90 -Dsun.zip.disableMemoryMapping=true -Xmx2G -Xms100m -Xlog:disable -javaagent:c:\Users\prudh\.antigravity\extensions\redhat.java-1.53.0-win32-x64\lombok\lombok-1.18.39-4050.jar -XX:+HeapDumpOnOutOfMemoryError -XX:HeapDumpPath=c:\Users\prudh\AppData\Roaming\Antigravity\User\workspaceStorage\daec989e494fcfdffdd0d27b39ac80d5\redhat.java -Daether.dependencyCollector.impl=bf c:\Users\prudh\.antigravity\extensions\redhat.java-1.53.0-win32-x64\server\plugins\org.eclipse.equinox.launcher_1.7.100.v20251111-0406.jar -configuration c:\Users\prudh\AppData\Roaming\Antigravity\User\globalStorage\redhat.java\1.53.0\config_win -data c:\Users\prudh\AppData\Roaming\Antigravity\User\workspaceStorage\daec989e494fcfdffdd0d27b39ac80d5\redhat.java\jdt_ws --pipe=\\.\pipe\lsp-925e4bb70e9b0d1c0726de946e3a2383-sock

Host: AMD Ryzen 7 4700U with Radeon Graphics         , 8 cores, 7G,  Windows 11 , 64 bit Build 26100 (10.0.26100.7920)
Time: Tue Mar 10 10:43:33 2026 India Standard Time elapsed time: 20917.513264 seconds (0d 5h 48m 37s)

---------------  T H R E A D  ---------------

Current thread (0x000001e5bdc79540):  JavaThread "Attach Listener" daemon [_thread_in_vm, id=23668, stack(0x000000c51d400000,0x000000c51d500000) (1024K)]

Stack: [0x000000c51d400000,0x000000c51d500000]
Native frames: (J=compiled Java code, j=interpreted, Vv=VM code, C=native code)
V  [jvm.dll+0x6d7a39]
V  [jvm.dll+0x8b4b26]
V  [jvm.dll+0x8b70de]
V  [jvm.dll+0x8b77c3]
V  [jvm.dll+0x284346]
V  [jvm.dll+0xc1277]
V  [jvm.dll+0x6d82e9]
V  [jvm.dll+0x1334a6]
V  [jvm.dll+0x3f857e]
V  [jvm.dll+0x85f59d]
V  [jvm.dll+0x6d626d]
C  [ucrtbase.dll+0x37b0]
C  [KERNEL32.DLL+0x2e8d7]
C  [ntdll.dll+0x8c48c]


---------------  P R O C E S S  ---------------

Threads class SMR info:
_java_thread_list=0x000001e623958af0, length=54, elements={
0x000001e5bdcfd900, 0x000001e5bddbba20, 0x000001e5bddbe3b0, 0x000001e5bdc76320,
0x000001e5bdc79540, 0x000001e5bdc7f490, 0x000001e5bdc843d0, 0x000001e5bdc88660,
0x000001e5bdca2e20, 0x000001e61b1e1ce0, 0x000001e61b2fb230, 0x000001e61ba089e0,
0x000001e61ba06fa0, 0x000001e61ba09700, 0x000001e61ba07cc0, 0x000001e61ba08350,
0x000001e61ba09d90, 0x000001e61ba09070, 0x000001e61ba0a420, 0x000001e61c7bd920,
0x000001e61c7c0da0, 0x000001e61c7c1430, 0x000001e61c7bf360, 0x000001e61c7bdfb0,
0x000001e61c7c0710, 0x000001e61c7c1ac0, 0x000001e61c7be640, 0x000001e61c7c2150,
0x000001e61c7c3500, 0x000001e61c7c27e0, 0x000001e61c7c48b0, 0x000001e61c7c2e70,
0x000001e61d819840, 0x000001e61f2b2960, 0x000001e61d814980, 0x000001e61f2b4a30,
0x000001e61f2b50c0, 0x000001e61f2b5de0, 0x000001e61f2b6b00, 0x000001e61f2b3680,
0x000001e61f2b7eb0, 0x000001e61f2b8540, 0x000001e61f2b8bd0, 0x000001e61f2b98f0,
0x000001e61f2b9f80, 0x000001e61d8170e0, 0x000001e61d817770, 0x000001e61d817e00,
0x000001e61d81abf0, 0x000001e61d81b280, 0x000001e61d81bfa0, 0x000001e61ba07630,
0x000001e61c7c4220, 0x000001e6285a4da0
}

Java Threads: ( => current thread )
  0x000001e5bdcfd900 JavaThread "main"                              [_thread_blocked, id=19056, stack(0x000000c51cd00000,0x000000c51ce00000) (1024K)]
  0x000001e5bddbba20 JavaThread "Reference Handler"          daemon [_thread_blocked, id=8448, stack(0x000000c51d100000,0x000000c51d200000) (1024K)]
  0x000001e5bddbe3b0 JavaThread "Finalizer"                  daemon [_thread_blocked, id=9304, stack(0x000000c51d200000,0x000000c51d300000) (1024K)]
  0x000001e5bdc76320 JavaThread "Signal Dispatcher"          daemon [_thread_blocked, id=17188, stack(0x000000c51d300000,0x000000c51d400000) (1024K)]
=>0x000001e5bdc79540 JavaThread "Attach Listener"            daemon [_thread_in_vm, id=23668, stack(0x000000c51d400000,0x000000c51d500000) (1024K)]
  0x000001e5bdc7f490 JavaThread "Service Thread"             daemon [_thread_blocked, id=11000, stack(0x000000c51d500000,0x000000c51d600000) (1024K)]
  0x000001e5bdc843d0 JavaThread "Monitor Deflation Thread"   daemon [_thread_blocked, id=27064, stack(0x000000c51d600000,0x000000c51d700000) (1024K)]
  0x000001e5bdc88660 JavaThread "C2 CompilerThread0"         daemon [_thread_blocked, id=26528, stack(0x000000c51d700000,0x000000c51d800000) (1024K)]
  0x000001e5bdca2e20 JavaThread "C1 CompilerThread0"         daemon [_thread_blocked, id=17184, stack(0x000000c51d800000,0x000000c51d900000) (1024K)]
  0x000001e61b1e1ce0 JavaThread "Common-Cleaner"             daemon [_thread_blocked, id=19868, stack(0x000000c51d900000,0x000000c51da00000) (1024K)]
  0x000001e61b2fb230 JavaThread "Notification Thread"        daemon [_thread_blocked, id=26420, stack(0x000000c51da00000,0x000000c51db00000) (1024K)]
  0x000001e61ba089e0 JavaThread "Active Thread: Equinox Container: 1a83e225-4ee1-487b-bc01-9893f992ea38"        [_thread_blocked, id=7072, stack(0x000000c51e200000,0x000000c51e300000) (1024K)]
  0x000001e61ba06fa0 JavaThread "Refresh Thread: Equinox Container: 1a83e225-4ee1-487b-bc01-9893f992ea38" daemon [_thread_blocked, id=15316, stack(0x000000c51e400000,0x000000c51e500000) (1024K)]
  0x000001e61ba09700 JavaThread "Framework Event Dispatcher: Equinox Container: 1a83e225-4ee1-487b-bc01-9893f992ea38" daemon [_thread_blocked, id=20984, stack(0x000000c51e500000,0x000000c51e600000) (1024K)]
  0x000001e61ba07cc0 JavaThread "Start Level: Equinox Container: 1a83e225-4ee1-487b-bc01-9893f992ea38" daemon [_thread_blocked, id=17620, stack(0x000000c51db00000,0x000000c51dc00000) (1024K)]
  0x000001e61ba08350 JavaThread "Bundle File Closer"         daemon [_thread_blocked, id=12332, stack(0x000000c51e600000,0x000000c51e700000) (1024K)]
  0x000001e61ba09d90 JavaThread "SCR Component Actor"        daemon [_thread_blocked, id=4372, stack(0x000000c51e700000,0x000000c51e800000) (1024K)]
  0x000001e61ba09070 JavaThread "Worker-JM"                         [_thread_blocked, id=2904, stack(0x000000c51e900000,0x000000c51ea00000) (1024K)]
  0x000001e61ba0a420 JavaThread "JNA Cleaner"                daemon [_thread_blocked, id=21980, stack(0x000000c51e800000,0x000000c51e900000) (1024K)]
  0x000001e61c7bd920 JavaThread "Java indexing"              daemon [_thread_blocked, id=10404, stack(0x000000c51ee00000,0x000000c51ef00000) (1024K)]
  0x000001e61c7c0da0 JavaThread "Thread-1"                   daemon [_thread_in_native, id=21668, stack(0x000000c51f300000,0x000000c51f400000) (1024K)]
  0x000001e61c7c1430 JavaThread "Thread-2"                   daemon [_thread_in_native, id=9356, stack(0x000000c51f400000,0x000000c51f500000) (1024K)]
  0x000001e61c7bf360 JavaThread "Thread-3"                   daemon [_thread_in_native, id=17772, stack(0x000000c51f500000,0x000000c51f600000) (1024K)]
  0x000001e61c7bdfb0 JavaThread "Thread-4"                   daemon [_thread_in_native, id=2624, stack(0x000000c51f600000,0x000000c51f700000) (1024K)]
  0x000001e61c7c0710 JavaThread "Thread-5"                   daemon [_thread_in_native, id=14448, stack(0x000000c51f700000,0x000000c51f800000) (1024K)]
  0x000001e61c7c1ac0 JavaThread "Thread-6"                   daemon [_thread_in_native, id=8972, stack(0x000000c51f800000,0x000000c51f900000) (1024K)]
  0x000001e61c7be640 JavaThread "Thread-7"                   daemon [_thread_in_native, id=7580, stack(0x000000c51f900000,0x000000c51fa00000) (1024K)]
  0x000001e61c7c2150 JavaThread "Thread-8"                   daemon [_thread_in_native, id=8608, stack(0x000000c51fa00000,0x000000c51fb00000) (1024K)]
  0x000001e61c7c3500 JavaThread "Thread-9"                   daemon [_thread_in_native, id=11620, stack(0x000000c51fb00000,0x000000c51fc00000) (1024K)]
  0x000001e61c7c27e0 JavaThread "pool-2-thread-1"                   [_thread_blocked, id=10308, stack(0x000000c51fc00000,0x000000c51fd00000) (1024K)]
  0x000001e61c7c48b0 JavaThread "WorkspaceEventsHandler"            [_thread_blocked, id=9128, stack(0x000000c51fd00000,0x000000c51fe00000) (1024K)]
  0x000001e61c7c2e70 JavaThread "pool-1-thread-1"                   [_thread_blocked, id=22252, stack(0x000000c51fe00000,0x000000c51ff00000) (1024K)]
  0x000001e61d819840 JavaThread "Cleaner-0"                  daemon [_thread_blocked, id=6724, stack(0x000000c51ff00000,0x000000c520000000) (1024K)]
  0x000001e61f2b2960 JavaThread "Worker-33"                         [_thread_blocked, id=29848, stack(0x000000c51cc00000,0x000000c51cd00000) (1024K)]
  0x000001e61d814980 JavaThread "LocalFile Deleter"          daemon [_thread_blocked, id=28504, stack(0x000000c520900000,0x000000c520a00000) (1024K)]
  0x000001e61f2b4a30 JavaThread "Worker-38"                         [_thread_blocked, id=27776, stack(0x000000c51ec00000,0x000000c51ed00000) (1024K)]
  0x000001e61f2b50c0 JavaThread "Worker-39"                         [_thread_blocked, id=26728, stack(0x000000c51ed00000,0x000000c51ee00000) (1024K)]
  0x000001e61f2b5de0 JavaThread "LocalFile Deleter"          daemon [_thread_blocked, id=30192, stack(0x000000c51f000000,0x000000c51f100000) (1024K)]
  0x000001e61f2b6b00 JavaThread "LocalFile Deleter"          daemon [_thread_blocked, id=13212, stack(0x000000c51f200000,0x000000c51f300000) (1024K)]
  0x000001e61f2b3680 JavaThread "LocalFile Deleter"          daemon [_thread_blocked, id=30348, stack(0x000000c520000000,0x000000c520100000) (1024K)]
  0x000001e61f2b7eb0 JavaThread "LocalFile Deleter"          daemon [_thread_blocked, id=27676, stack(0x000000c520200000,0x000000c520300000) (1024K)]
  0x000001e61f2b8540 JavaThread "LocalFile Deleter"          daemon [_thread_blocked, id=24364, stack(0x000000c520300000,0x000000c520400000) (1024K)]
  0x000001e61f2b8bd0 JavaThread "Compiler Source File Reader" daemon [_thread_blocked, id=25788, stack(0x000000c51ef00000,0x000000c51f000000) (1024K)]
  0x000001e61f2b98f0 JavaThread "Compiler Source File Reader" daemon [_thread_blocked, id=24916, stack(0x000000c520400000,0x000000c520500000) (1024K)]
  0x000001e61f2b9f80 JavaThread "Compiler Source File Reader" daemon [_thread_blocked, id=3100, stack(0x000000c520500000,0x000000c520600000) (1024K)]
  0x000001e61d8170e0 JavaThread "Compiler Source File Reader" daemon [_thread_blocked, id=24932, stack(0x000000c520600000,0x000000c520700000) (1024K)]
  0x000001e61d817770 JavaThread "Compiler Source File Reader" daemon [_thread_blocked, id=5728, stack(0x000000c520700000,0x000000c520800000) (1024K)]
  0x000001e61d817e00 JavaThread "Compiler Source File Reader" daemon [_thread_blocked, id=2688, stack(0x000000c520800000,0x000000c520900000) (1024K)]
  0x000001e61d81abf0 JavaThread "Compiler Class File Writer" daemon [_thread_blocked, id=27500, stack(0x000000c520c00000,0x000000c520d00000) (1024K)]
  0x000001e61d81b280 JavaThread "Compiler Class File Writer" daemon [_thread_blocked, id=6000, stack(0x000000c520d00000,0x000000c520e00000) (1024K)]
  0x000001e61d81bfa0 JavaThread "Compiler Class File Writer" daemon [_thread_blocked, id=9700, stack(0x000000c520e00000,0x000000c520f00000) (1024K)]
  0x000001e61ba07630 JavaThread "Compiler Class File Writer" daemon [_thread_blocked, id=11892, stack(0x000000c520f00000,0x000000c521000000) (1024K)]
  0x000001e61c7c4220 JavaThread "Compiler Class File Writer" daemon [_thread_blocked, id=26416, stack(0x000000c521000000,0x000000c521100000) (1024K)]
  0x000001e6285a4da0 JavaThread "Compiler Class File Writer" daemon [_thread_blocked, id=13436, stack(0x000000c521100000,0x000000c521200000) (1024K)]
Total: 54

Other Threads:
  0x000001e5bdd9e9a0 VMThread "VM Thread"                           [id=1400, stack(0x000000c51d000000,0x000000c51d100000) (1024K)]
  0x000001e5bdb8ca00 WatcherThread "VM Periodic Task Thread"        [id=9224, stack(0x000000c51cf00000,0x000000c51d000000) (1024K)]
  0x000001e5bdd1ab00 WorkerThread "GC Thread#0"                     [id=9236, stack(0x000000c51ce00000,0x000000c51cf00000) (1024K)]
  0x000001e61b99f650 WorkerThread "GC Thread#1"                     [id=24808, stack(0x000000c51dc00000,0x000000c51dd00000) (1024K)]
  0x000001e61b99fa00 WorkerThread "GC Thread#2"                     [id=10684, stack(0x000000c51dd00000,0x000000c51de00000) (1024K)]
  0x000001e61b9d0f30 WorkerThread "GC Thread#3"                     [id=17436, stack(0x000000c51de00000,0x000000c51df00000) (1024K)]
  0x000001e61ba63190 WorkerThread "GC Thread#4"                     [id=16500, stack(0x000000c51df00000,0x000000c51e000000) (1024K)]
  0x000001e61ba63540 WorkerThread "GC Thread#5"                     [id=11416, stack(0x000000c51e000000,0x000000c51e100000) (1024K)]
  0x000001e61b988580 WorkerThread "GC Thread#6"                     [id=1356, stack(0x000000c51e100000,0x000000c51e200000) (1024K)]
  0x000001e61bf66880 WorkerThread "GC Thread#7"                     [id=17492, stack(0x000000c51e300000,0x000000c51e400000) (1024K)]
Total: 10

Threads with active compile tasks:
Total: 0

VM state: not at safepoint (normal execution)

VM Mutex/Monitor currently owned by a thread: None

Heap address: 0x0000000080000000, size: 2048 MB, Compressed Oops mode: 32-bit

CDS archive(s) mapped at: [0x000001e5d5000000-0x000001e5d5ba0000-0x000001e5d5ba0000), size 12189696, SharedBaseAddress: 0x000001e5d5000000, ArchiveRelocationMode: 1.
Compressed class space mapped at: 0x000001e5d6000000-0x000001e616000000, reserved size: 1073741824
Narrow klass base: 0x000001e5d5000000, Narrow klass shift: 0, Narrow klass range: 0x100000000

GC Precious Log:
 CardTable entry size: 512
 CPUs: 8 total, 8 available
 Memory: 7549M
 Large Page Support: Disabled
 NUMA Support: Disabled
 Compressed Oops: Enabled (32-bit)
 Alignments: Space 512K, Generation 512K, Heap 2M
 Heap Min Capacity: 100M
 Heap Initial Capacity: 100M
 Heap Max Capacity: 2G
 Pre-touch: Disabled
 Parallel Workers: 8

Heap:
 PSYoungGen      total 2560K, used 1630K [0x00000000d5580000, 0x00000000d5a00000, 0x0000000100000000)
  eden space 2048K, 70% used [0x00000000d5580000,0x00000000d56e7b48,0x00000000d5780000)
  from space 512K, 37% used [0x00000000d5900000,0x00000000d5930000,0x00000000d5980000)
  to   space 512K, 0% used [0x00000000d5980000,0x00000000d5980000,0x00000000d5a00000)
 ParOldGen       total 1208320K, used 1208313K [0x0000000080000000, 0x00000000c9c00000, 0x00000000d5580000)
  object space 1208320K, 99% used [0x0000000080000000,0x00000000c9bfe4a0,0x00000000c9c00000)
 Metaspace       used 77213K, committed 78784K, reserved 1179648K
  class space    used 7462K, committed 8256K, reserved 1048576K

Card table byte_map: [0x000001e5bd6a0000,0x000001e5bdab0000] _byte_map_base: 0x000001e5bd2a0000

Marking Bits: (ParMarkBitMap*) 0x00007ffabd243450
 Begin Bits: [0x000001e5d01b0000, 0x000001e5d21b0000)
 End Bits:   [0x000001e5d21b0000, 0x000001e5d41b0000)

Polling page: 0x000001e5bbb50000

Metaspace:

Usage:
  Non-class:     68.12 MB used.
      Class:      7.29 MB used.
       Both:     75.40 MB used.

Virtual space:
  Non-class space:      128.00 MB reserved,      68.88 MB ( 54%) committed,  2 nodes.
      Class space:        1.00 GB reserved,       8.06 MB ( <1%) committed,  1 nodes.
             Both:        1.12 GB reserved,      76.94 MB (  7%) committed. 

Chunk freelists:
   Non-Class:  10.54 MB
       Class:  7.93 MB
        Both:  18.47 MB

MaxMetaspaceSize: unlimited
CompressedClassSpaceSize: 1.00 GB
Initial GC threshold: 21.00 MB
Current GC threshold: 123.56 MB
CDS: on
 - commit_granule_bytes: 65536.
 - commit_granule_words: 8192.
 - virtual_space_node_default_size: 8388608.
 - enlarge_chunks_in_place: 1.
 - use_allocation_guard: 0.


Internal statistics:

num_allocs_failed_limit: 17.
num_arena_births: 1578.
num_arena_deaths: 392.
num_vsnodes_births: 3.
num_vsnodes_deaths: 0.
num_space_committed: 1231.
num_space_uncommitted: 0.
num_chunks_returned_to_freelist: 465.
num_chunks_taken_from_freelist: 5610.
num_chunk_merges: 133.
num_chunk_splits: 3243.
num_chunks_enlarged: 1749.
num_inconsistent_stats: 0.

CodeHeap 'non-profiled nmethods': size=120000Kb used=23120Kb max_used=23120Kb free=96879Kb
 bounds [0x000001e5c89d0000, 0x000001e5ca070000, 0x000001e5cff00000]
CodeHeap 'profiled nmethods': size=120000Kb used=48429Kb max_used=48429Kb free=71570Kb
 bounds [0x000001e5c0f00000, 0x000001e5c3e50000, 0x000001e5c8430000]
CodeHeap 'non-nmethods': size=5760Kb used=1467Kb max_used=1565Kb free=4293Kb
 bounds [0x000001e5c8430000, 0x000001e5c86a0000, 0x000001e5c89d0000]
CodeCache: size=245760Kb, used=73016Kb, max_used=73114Kb, free=172742Kb
 total_blobs=20412, nmethods=19628, adapters=685, full_count=0
Compilation: enabled, stopped_count=0, restarted_count=0

Compilation events (20 events):
Event: 20749.303 Thread 0x000001e5bdca2e20 21509       3       org.eclipse.core.internal.resources.MarkerSet::get (121 bytes)
Event: 20749.304 Thread 0x000001e5bdc88660 21508       4       com.google.gson.internal.LinkedTreeMap::find (284 bytes)
Event: 20749.305 Thread 0x000001e5bdca2e20 nmethod 21509 0x000001e5c3e43110 code [0x000001e5c3e43340, 0x000001e5c3e43b28]
Event: 20749.305 Thread 0x000001e5bdca2e20 21510       3       java.lang.invoke.LambdaForm$MH/0x000001e5d67e8400::invoke (42 bytes)
Event: 20749.308 Thread 0x000001e5bdca2e20 nmethod 21510 0x000001e5c3e43e10 code [0x000001e5c3e440a0, 0x000001e5c3e44e20]
Event: 20749.308 Thread 0x000001e5bdca2e20 21511       3       java.lang.invoke.LambdaForm$MH/0x000001e5d67e8800::invoke (42 bytes)
Event: 20749.309 Thread 0x000001e5bdca2e20 nmethod 21511 0x000001e5c3e45290 code [0x000001e5c3e45520, 0x000001e5c3e462a0]
Event: 20749.314 Thread 0x000001e5bdc88660 nmethod 21508 0x000001e5ca061290 code [0x000001e5ca061480, 0x000001e5ca061f80]
Event: 20749.365 Thread 0x000001e5bdc88660 21512       4       java.util.concurrent.atomic.AtomicLong::getAndIncrement (12 bytes)
Event: 20749.366 Thread 0x000001e5bdc88660 nmethod 21512 0x000001e5ca062390 code [0x000001e5ca062520, 0x000001e5ca0625b0]
Event: 20749.375 Thread 0x000001e5bdc88660 21513       4       org.eclipse.core.internal.resources.Container::findMember (7 bytes)
Event: 20749.403 Thread 0x000001e5bdc88660 nmethod 21513 0x000001e5ca062690 code [0x000001e5ca062940, 0x000001e5ca063390]
Event: 20749.499 Thread 0x000001e5bdc88660 21514       4       org.eclipse.core.internal.events.NodeIDMap::getIndex (108 bytes)
Event: 20749.507 Thread 0x000001e5bdc88660 nmethod 21514 0x000001e5ca063c90 code [0x000001e5ca063e20, 0x000001e5ca064040]
Event: 20749.509 Thread 0x000001e5bdca2e20 21515   !   3       org.eclipse.core.internal.filebuffers.TextFileBufferManager::connect (176 bytes)
Event: 20749.523 Thread 0x000001e5bdca2e20 nmethod 21515 0x000001e5c3e46710 code [0x000001e5c3e46c40, 0x000001e5c3e49840]
Event: 20749.523 Thread 0x000001e5bdca2e20 21516       3       org.eclipse.core.internal.filebuffers.TextFileBufferManager::createFileBuffer (7 bytes)
Event: 20749.523 Thread 0x000001e5bdca2e20 nmethod 21516 0x000001e5c3e4af10 code [0x000001e5c3e4b0c0, 0x000001e5c3e4b288]
Event: 20749.523 Thread 0x000001e5bdca2e20 21517       3       org.eclipse.core.internal.filebuffers.ResourceFileBuffer$FileSynchronizer::<init> (15 bytes)
Event: 20749.524 Thread 0x000001e5bdca2e20 nmethod 21517 0x000001e5c3e4b310 code [0x000001e5c3e4b4c0, 0x000001e5c3e4b648]

GC Heap History (20 events):
Event: 20748.151 GC heap before
{Heap before GC invocations=1040 (full 4):
 PSYoungGen      total 4096K, used 3575K [0x00000000d5580000, 0x00000000d5a80000, 0x0000000100000000)
  eden space 3072K, 100% used [0x00000000d5580000,0x00000000d5880000,0x00000000d5880000)
  from space 1024K, 49% used [0x00000000d5880000,0x00000000d58fddd0,0x00000000d5980000)
  to   space 1024K, 0% used [0x00000000d5980000,0x00000000d5980000,0x00000000d5a80000)
 ParOldGen       total 1201152K, used 1200872K [0x0000000080000000, 0x00000000c9500000, 0x00000000d5580000)
  object space 1201152K, 99% used [0x0000000080000000,0x00000000c94ba240,0x00000000c9500000)
 Metaspace       used 77163K, committed 78720K, reserved 1179648K
  class space    used 7462K, committed 8256K, reserved 1048576K
}
Event: 20748.158 GC heap after
{Heap after GC invocations=1040 (full 4):
 PSYoungGen      total 3072K, used 1012K [0x00000000d5580000, 0x00000000d5c80000, 0x0000000100000000)
  eden space 2048K, 0% used [0x00000000d5580000,0x00000000d5580000,0x00000000d5780000)
  from space 1024K, 98% used [0x00000000d5980000,0x00000000d5a7d0e8,0x00000000d5a80000)
  to   space 2048K, 0% used [0x00000000d5780000,0x00000000d5780000,0x00000000d5980000)
 ParOldGen       total 1201664K, used 1201611K [0x0000000080000000, 0x00000000c9580000, 0x00000000d5580000)
  object space 1201664K, 99% used [0x0000000080000000,0x00000000c9572cc8,0x00000000c9580000)
 Metaspace       used 77163K, committed 78720K, reserved 1179648K
  class space    used 7462K, committed 8256K, reserved 1048576K
}
Event: 20748.188 GC heap before
{Heap before GC invocations=1041 (full 4):
 PSYoungGen      total 3072K, used 3051K [0x00000000d5580000, 0x00000000d5c80000, 0x0000000100000000)
  eden space 2048K, 99% used [0x00000000d5580000,0x00000000d577de08,0x00000000d5780000)
  from space 1024K, 98% used [0x00000000d5980000,0x00000000d5a7d0e8,0x00000000d5a80000)
  to   space 2048K, 0% used [0x00000000d5780000,0x00000000d5780000,0x00000000d5980000)
 ParOldGen       total 1201664K, used 1201611K [0x0000000080000000, 0x00000000c9580000, 0x00000000d5580000)
  object space 1201664K, 99% used [0x0000000080000000,0x00000000c9572cc8,0x00000000c9580000)
 Metaspace       used 77163K, committed 78720K, reserved 1179648K
  class space    used 7462K, committed 8256K, reserved 1048576K
}
Event: 20748.194 GC heap after
{Heap after GC invocations=1041 (full 4):
 PSYoungGen      total 4096K, used 2042K [0x00000000d5580000, 0x00000000d5e80000, 0x0000000100000000)
  eden space 2048K, 0% used [0x00000000d5580000,0x00000000d5580000,0x00000000d5780000)
  from space 2048K, 99% used [0x00000000d5780000,0x00000000d597ea18,0x00000000d5980000)
  to   space 3584K, 0% used [0x00000000d5b00000,0x00000000d5b00000,0x00000000d5e80000)
 ParOldGen       total 1202688K, used 1202635K [0x0000000080000000, 0x00000000c9680000, 0x00000000d5580000)
  object space 1202688K, 99% used [0x0000000080000000,0x00000000c9672f90,0x00000000c9680000)
 Metaspace       used 77163K, committed 78720K, reserved 1179648K
  class space    used 7462K, committed 8256K, reserved 1048576K
}
Event: 20748.236 GC heap before
{Heap before GC invocations=1042 (full 4):
 PSYoungGen      total 4096K, used 4090K [0x00000000d5580000, 0x00000000d5e80000, 0x0000000100000000)
  eden space 2048K, 100% used [0x00000000d5580000,0x00000000d5780000,0x00000000d5780000)
  from space 2048K, 99% used [0x00000000d5780000,0x00000000d597ea18,0x00000000d5980000)
  to   space 3584K, 0% used [0x00000000d5b00000,0x00000000d5b00000,0x00000000d5e80000)
 ParOldGen       total 1202688K, used 1202635K [0x0000000080000000, 0x00000000c9680000, 0x00000000d5580000)
  object space 1202688K, 99% used [0x0000000080000000,0x00000000c9672f90,0x00000000c9680000)
 Metaspace       used 77163K, committed 78720K, reserved 1179648K
  class space    used 7462K, committed 8256K, reserved 1048576K
}
Event: 20748.242 GC heap after
{Heap after GC invocations=1042 (full 4):
 PSYoungGen      total 4608K, used 2064K [0x00000000d5580000, 0x00000000d5d80000, 0x0000000100000000)
  eden space 2048K, 0% used [0x00000000d5580000,0x00000000d5580000,0x00000000d5780000)
  from space 2560K, 80% used [0x00000000d5b00000,0x00000000d5d04148,0x00000000d5d80000)
  to   space 2560K, 0% used [0x00000000d5880000,0x00000000d5880000,0x00000000d5b00000)
 ParOldGen       total 1204736K, used 1204627K [0x0000000080000000, 0x00000000c9880000, 0x00000000d5580000)
  object space 1204736K, 99% used [0x0000000080000000,0x00000000c9864ff8,0x00000000c9880000)
 Metaspace       used 77163K, committed 78720K, reserved 1179648K
  class space    used 7462K, committed 8256K, reserved 1048576K
}
Event: 20748.266 GC heap before
{Heap before GC invocations=1043 (full 4):
 PSYoungGen      total 4608K, used 4112K [0x00000000d5580000, 0x00000000d5d80000, 0x0000000100000000)
  eden space 2048K, 100% used [0x00000000d5580000,0x00000000d5780000,0x00000000d5780000)
  from space 2560K, 80% used [0x00000000d5b00000,0x00000000d5d04148,0x00000000d5d80000)
  to   space 2560K, 0% used [0x00000000d5880000,0x00000000d5880000,0x00000000d5b00000)
 ParOldGen       total 1204736K, used 1204627K [0x0000000080000000, 0x00000000c9880000, 0x00000000d5580000)
  object space 1204736K, 99% used [0x0000000080000000,0x00000000c9864ff8,0x00000000c9880000)
 Metaspace       used 77163K, committed 78720K, reserved 1179648K
  class space    used 7462K, committed 8256K, reserved 1048576K
}
Event: 20748.273 GC heap after
{Heap after GC invocations=1043 (full 4):
 PSYoungGen      total 2560K, used 480K [0x00000000d5580000, 0x00000000d5b80000, 0x0000000100000000)
  eden space 2048K, 0% used [0x00000000d5580000,0x00000000d5580000,0x00000000d5780000)
  from space 512K, 93% used [0x00000000d5880000,0x00000000d58f8000,0x00000000d5900000)
  to   space 1536K, 0% used [0x00000000d5a00000,0x00000000d5a00000,0x00000000d5b80000)
 ParOldGen       total 1206784K, used 1206557K [0x0000000080000000, 0x00000000c9a80000, 0x00000000d5580000)
  object space 1206784K, 99% used [0x0000000080000000,0x00000000c9a47518,0x00000000c9a80000)
 Metaspace       used 77163K, committed 78720K, reserved 1179648K
  class space    used 7462K, committed 8256K, reserved 1048576K
}
Event: 20748.345 GC heap before
{Heap before GC invocations=1044 (full 4):
 PSYoungGen      total 2560K, used 2528K [0x00000000d5580000, 0x00000000d5b80000, 0x0000000100000000)
  eden space 2048K, 100% used [0x00000000d5580000,0x00000000d5780000,0x00000000d5780000)
  from space 512K, 93% used [0x00000000d5880000,0x00000000d58f8000,0x00000000d5900000)
  to   space 1536K, 0% used [0x00000000d5a00000,0x00000000d5a00000,0x00000000d5b80000)
 ParOldGen       total 1206784K, used 1206557K [0x0000000080000000, 0x00000000c9a80000, 0x00000000d5580000)
  object space 1206784K, 99% used [0x0000000080000000,0x00000000c9a47518,0x00000000c9a80000)
 Metaspace       used 77168K, committed 78720K, reserved 1179648K
  class space    used 7462K, committed 8256K, reserved 1048576K
}
Event: 20748.350 GC heap after
{Heap after GC invocations=1044 (full 4):
 PSYoungGen      total 2560K, used 416K [0x00000000d5580000, 0x00000000d5a80000, 0x0000000100000000)
  eden space 2048K, 0% used [0x00000000d5580000,0x00000000d5580000,0x00000000d5780000)
  from space 512K, 81% used [0x00000000d5a00000,0x00000000d5a68000,0x00000000d5a80000)
  to   space 1024K, 0% used [0x00000000d5880000,0x00000000d5880000,0x00000000d5980000)
 ParOldGen       total 1207296K, used 1206917K [0x0000000080000000, 0x00000000c9b00000, 0x00000000d5580000)
  object space 1207296K, 99% used [0x0000000080000000,0x00000000c9aa1518,0x00000000c9b00000)
 Metaspace       used 77168K, committed 78720K, reserved 1179648K
  class space    used 7462K, committed 8256K, reserved 1048576K
}
Event: 20748.384 GC heap before
{Heap before GC invocations=1045 (full 4):
 PSYoungGen      total 2560K, used 2464K [0x00000000d5580000, 0x00000000d5a80000, 0x0000000100000000)
  eden space 2048K, 100% used [0x00000000d5580000,0x00000000d5780000,0x00000000d5780000)
  from space 512K, 81% used [0x00000000d5a00000,0x00000000d5a68000,0x00000000d5a80000)
  to   space 1024K, 0% used [0x00000000d5880000,0x00000000d5880000,0x00000000d5980000)
 ParOldGen       total 1207296K, used 1206917K [0x0000000080000000, 0x00000000c9b00000, 0x00000000d5580000)
  object space 1207296K, 99% used [0x0000000080000000,0x00000000c9aa1518,0x00000000c9b00000)
 Metaspace       used 77170K, committed 78720K, reserved 1179648K
  class space    used 7462K, committed 8256K, reserved 1048576K
}
Event: 20748.389 GC heap after
{Heap after GC invocations=1045 (full 4):
 PSYoungGen      total 3072K, used 576K [0x00000000d5580000, 0x00000000d5a80000, 0x0000000100000000)
  eden space 2048K, 0% used [0x00000000d5580000,0x00000000d5580000,0x00000000d5780000)
  from space 1024K, 56% used [0x00000000d5880000,0x00000000d5910000,0x00000000d5980000)
  to   space 1024K, 0% used [0x00000000d5980000,0x00000000d5980000,0x00000000d5a80000)
 ParOldGen       total 1207296K, used 1207213K [0x0000000080000000, 0x00000000c9b00000, 0x00000000d5580000)
  object space 1207296K, 99% used [0x0000000080000000,0x00000000c9aeb518,0x00000000c9b00000)
 Metaspace       used 77170K, committed 78720K, reserved 1179648K
  class space    used 7462K, committed 8256K, reserved 1048576K
}
Event: 20748.450 GC heap before
{Heap before GC invocations=1046 (full 4):
 PSYoungGen      total 3072K, used 2624K [0x00000000d5580000, 0x00000000d5a80000, 0x0000000100000000)
  eden space 2048K, 100% used [0x00000000d5580000,0x00000000d5780000,0x00000000d5780000)
  from space 1024K, 56% used [0x00000000d5880000,0x00000000d5910000,0x00000000d5980000)
  to   space 1024K, 0% used [0x00000000d5980000,0x00000000d5980000,0x00000000d5a80000)
 ParOldGen       total 1207296K, used 1207213K [0x0000000080000000, 0x00000000c9b00000, 0x00000000d5580000)
  object space 1207296K, 99% used [0x0000000080000000,0x00000000c9aeb518,0x00000000c9b00000)
 Metaspace       used 77170K, committed 78720K, reserved 1179648K
  class space    used 7462K, committed 8256K, reserved 1048576K
}
Event: 20748.459 GC heap after
{Heap after GC invocations=1046 (full 4):
 PSYoungGen      total 2560K, used 512K [0x00000000d5580000, 0x00000000d5a00000, 0x0000000100000000)
  eden space 2048K, 0% used [0x00000000d5580000,0x00000000d5580000,0x00000000d5780000)
  from space 512K, 100% used [0x00000000d5980000,0x00000000d5a00000,0x00000000d5a00000)
  to   space 1024K, 0% used [0x00000000d5800000,0x00000000d5800000,0x00000000d5900000)
 ParOldGen       total 1207808K, used 1207637K [0x0000000080000000, 0x00000000c9b80000, 0x00000000d5580000)
  object space 1207808K, 99% used [0x0000000080000000,0x00000000c9b55538,0x00000000c9b80000)
 Metaspace       used 77170K, committed 78720K, reserved 1179648K
  class space    used 7462K, committed 8256K, reserved 1048576K
}
Event: 20749.055 GC heap before
{Heap before GC invocations=1047 (full 4):
 PSYoungGen      total 2560K, used 2559K [0x00000000d5580000, 0x00000000d5a00000, 0x0000000100000000)
  eden space 2048K, 99% used [0x00000000d5580000,0x00000000d577ffb8,0x00000000d5780000)
  from space 512K, 100% used [0x00000000d5980000,0x00000000d5a00000,0x00000000d5a00000)
  to   space 1024K, 0% used [0x00000000d5800000,0x00000000d5800000,0x00000000d5900000)
 ParOldGen       total 1207808K, used 1207637K [0x0000000080000000, 0x00000000c9b80000, 0x00000000d5580000)
  object space 1207808K, 99% used [0x0000000080000000,0x00000000c9b55538,0x00000000c9b80000)
 Metaspace       used 77176K, committed 78720K, reserved 1179648K
  class space    used 7462K, committed 8256K, reserved 1048576K
}
Event: 20749.059 GC heap after
{Heap after GC invocations=1047 (full 4):
 PSYoungGen      total 3072K, used 384K [0x00000000d5580000, 0x00000000d5a00000, 0x0000000100000000)
  eden space 2048K, 0% used [0x00000000d5580000,0x00000000d5580000,0x00000000d5780000)
  from space 1024K, 37% used [0x00000000d5800000,0x00000000d5860000,0x00000000d5900000)
  to   space 512K, 0% used [0x00000000d5980000,0x00000000d5980000,0x00000000d5a00000)
 ParOldGen       total 1208320K, used 1207985K [0x0000000080000000, 0x00000000c9c00000, 0x00000000d5580000)
  object space 1208320K, 99% used [0x0000000080000000,0x00000000c9bac428,0x00000000c9c00000)
 Metaspace       used 77176K, committed 78720K, reserved 1179648K
  class space    used 7462K, committed 8256K, reserved 1048576K
}
Event: 20749.270 GC heap before
{Heap before GC invocations=1048 (full 4):
 PSYoungGen      total 3072K, used 2432K [0x00000000d5580000, 0x00000000d5a00000, 0x0000000100000000)
  eden space 2048K, 100% used [0x00000000d5580000,0x00000000d5780000,0x00000000d5780000)
  from space 1024K, 37% used [0x00000000d5800000,0x00000000d5860000,0x00000000d5900000)
  to   space 512K, 0% used [0x00000000d5980000,0x00000000d5980000,0x00000000d5a00000)
 ParOldGen       total 1208320K, used 1207985K [0x0000000080000000, 0x00000000c9c00000, 0x00000000d5580000)
  object space 1208320K, 99% used [0x0000000080000000,0x00000000c9bac428,0x00000000c9c00000)
 Metaspace       used 77198K, committed 78784K, reserved 1179648K
  class space    used 7462K, committed 8256K, reserved 1048576K
}
Event: 20749.275 GC heap after
{Heap after GC invocations=1048 (full 4):
 PSYoungGen      total 2560K, used 192K [0x00000000d5580000, 0x00000000d5a00000, 0x0000000100000000)
  eden space 2048K, 0% used [0x00000000d5580000,0x00000000d5580000,0x00000000d5780000)
  from space 512K, 37% used [0x00000000d5980000,0x00000000d59b0000,0x00000000d5a00000)
  to   space 512K, 0% used [0x00000000d5900000,0x00000000d5900000,0x00000000d5980000)
 ParOldGen       total 1208320K, used 1208201K [0x0000000080000000, 0x00000000c9c00000, 0x00000000d5580000)
  object space 1208320K, 99% used [0x0000000080000000,0x00000000c9be2490,0x00000000c9c00000)
 Metaspace       used 77198K, committed 78784K, reserved 1179648K
  class space    used 7462K, committed 8256K, reserved 1048576K
}
Event: 20749.395 GC heap before
{Heap before GC invocations=1049 (full 4):
 PSYoungGen      total 2560K, used 2240K [0x00000000d5580000, 0x00000000d5a00000, 0x0000000100000000)
  eden space 2048K, 100% used [0x00000000d5580000,0x00000000d5780000,0x00000000d5780000)
  from space 512K, 37% used [0x00000000d5980000,0x00000000d59b0000,0x00000000d5a00000)
  to   space 512K, 0% used [0x00000000d5900000,0x00000000d5900000,0x00000000d5980000)
 ParOldGen       total 1208320K, used 1208201K [0x0000000080000000, 0x00000000c9c00000, 0x00000000d5580000)
  object space 1208320K, 99% used [0x0000000080000000,0x00000000c9be2490,0x00000000c9c00000)
 Metaspace       used 77203K, committed 78784K, reserved 1179648K
  class space    used 7462K, committed 8256K, reserved 1048576K
}
Event: 20749.400 GC heap after
{Heap after GC invocations=1049 (full 4):
 PSYoungGen      total 2560K, used 192K [0x00000000d5580000, 0x00000000d5a00000, 0x0000000100000000)
  eden space 2048K, 0% used [0x00000000d5580000,0x00000000d5580000,0x00000000d5780000)
  from space 512K, 37% used [0x00000000d5900000,0x00000000d5930000,0x00000000d5980000)
  to   space 512K, 0% used [0x00000000d5980000,0x00000000d5980000,0x00000000d5a00000)
 ParOldGen       total 1208320K, used 1208313K [0x0000000080000000, 0x00000000c9c00000, 0x00000000d5580000)
  object space 1208320K, 99% used [0x0000000080000000,0x00000000c9bfe4a0,0x00000000c9c00000)
 Metaspace       used 77203K, committed 78784K, reserved 1179648K
  class space    used 7462K, committed 8256K, reserved 1048576K
}

Dll operation events (10 events):
Event: 0.017 Loaded shared library c:\Users\prudh\.antigravity\extensions\redhat.java-1.53.0-win32-x64\jre\21.0.10-win32-x86_64\bin\java.dll
Event: 0.163 Loaded shared library c:\Users\prudh\.antigravity\extensions\redhat.java-1.53.0-win32-x64\jre\21.0.10-win32-x86_64\bin\zip.dll
Event: 0.201 Loaded shared library C:\Users\prudh\.antigravity\extensions\redhat.java-1.53.0-win32-x64\jre\21.0.10-win32-x86_64\bin\instrument.dll
Event: 0.214 Loaded shared library C:\Users\prudh\.antigravity\extensions\redhat.java-1.53.0-win32-x64\jre\21.0.10-win32-x86_64\bin\net.dll
Event: 0.218 Loaded shared library C:\Users\prudh\.antigravity\extensions\redhat.java-1.53.0-win32-x64\jre\21.0.10-win32-x86_64\bin\nio.dll
Event: 0.226 Loaded shared library C:\Users\prudh\.antigravity\extensions\redhat.java-1.53.0-win32-x64\jre\21.0.10-win32-x86_64\bin\zip.dll
Event: 0.282 Loaded shared library C:\Users\prudh\.antigravity\extensions\redhat.java-1.53.0-win32-x64\jre\21.0.10-win32-x86_64\bin\jimage.dll
Event: 0.676 Loaded shared library c:\Users\prudh\.antigravity\extensions\redhat.java-1.53.0-win32-x64\jre\21.0.10-win32-x86_64\bin\verify.dll
Event: 3.441 Loaded shared library C:\Users\prudh\AppData\Roaming\Antigravity\User\globalStorage\redhat.java\1.53.0\config_win\org.eclipse.equinox.launcher\org.eclipse.equinox.launcher.win32.win32.x86_64_1.3.0.v20260203-2149\eclipse_11919.dll
Event: 9.360 Loaded shared library C:\Users\prudh\AppData\Local\Temp\jna-106946167\jna2943577091905729844.dll

Deoptimization events (20 events):
Event: 20742.276 Thread 0x000001e61c7bd920 DEOPT PACKING pc=0x000001e5c3badf09 sp=0x000000c51eefeb10
Event: 20742.285 Thread 0x000001e61c7bd920 DEOPT UNPACKING pc=0x000001e5c8484242 sp=0x000000c51eefdfe8 mode 0
Event: 20743.027 Thread 0x000001e61c7bd920 DEOPT PACKING pc=0x000001e5c0f2584e sp=0x000000c51eefea30
Event: 20743.043 Thread 0x000001e61c7bd920 DEOPT UNPACKING pc=0x000001e5c8484242 sp=0x000000c51eefdf10 mode 0
Event: 20743.598 Thread 0x000001e61f2b4a30 DEOPT PACKING pc=0x000001e5c14f98c0 sp=0x000000c51ecfdf30
Event: 20743.600 Thread 0x000001e61f2b4a30 DEOPT UNPACKING pc=0x000001e5c8484242 sp=0x000000c51ecfd3e8 mode 0
Event: 20745.743 Thread 0x000001e61f2b5750 Uncommon trap: trap_request=0xffffffcc fr.pc=0x000001e5ca00c9c4 relative=0x0000000000000ae4
Event: 20745.743 Thread 0x000001e61f2b5750 Uncommon trap: reason=intrinsic_or_type_checked_inlining action=make_not_entrant pc=0x000001e5ca00c9c4 method=org.eclipse.jdt.internal.compiler.parser.Parser.consumeNormalAnnotation(Z)V @ 92 c2
Event: 20745.743 Thread 0x000001e61f2b5750 DEOPT PACKING pc=0x000001e5ca00c9c4 sp=0x000000c51cafe200
Event: 20745.744 Thread 0x000001e61f2b5750 DEOPT UNPACKING pc=0x000001e5c8483aa2 sp=0x000000c51cafe190 mode 2
Event: 20746.651 Thread 0x000001e61d815010 Uncommon trap: trap_request=0xffffff6e fr.pc=0x000001e5ca030ad0 relative=0x0000000000000730
Event: 20746.651 Thread 0x000001e61d815010 Uncommon trap: reason=loop_limit_check action=maybe_recompile pc=0x000001e5ca030ad0 method=org.eclipse.jdt.internal.compiler.lookup.MethodScope.recordInitializationStates(Lorg/eclipse/jdt/internal/compiler/flow/FlowInfo;)I @ 144 c2
Event: 20746.651 Thread 0x000001e61d815010 DEOPT PACKING pc=0x000001e5ca030ad0 sp=0x000000c520bfe5e0
Event: 20746.652 Thread 0x000001e61d815010 DEOPT UNPACKING pc=0x000001e5c8483aa2 sp=0x000000c520bfe580 mode 2
Event: 20747.660 Thread 0x000001e61f2b4a30 DEOPT PACKING pc=0x000001e5c313f141 sp=0x000000c51ecfe200
Event: 20747.662 Thread 0x000001e61f2b4a30 DEOPT UNPACKING pc=0x000001e5c8484242 sp=0x000000c51ecfd6a0 mode 0
Event: 20747.838 Thread 0x000001e61d815010 Uncommon trap: trap_request=0xffffffde fr.pc=0x000001e5c92d7090 relative=0x0000000000001cb0
Event: 20747.839 Thread 0x000001e61d815010 Uncommon trap: reason=class_check action=maybe_recompile pc=0x000001e5c92d7090 method=org.eclipse.jdt.internal.compiler.parser.Scanner.atMultiCaseComma()Z @ 33 c2
Event: 20747.841 Thread 0x000001e61d815010 DEOPT PACKING pc=0x000001e5c92d7090 sp=0x000000c520bfeb60
Event: 20747.848 Thread 0x000001e61d815010 DEOPT UNPACKING pc=0x000001e5c8483aa2 sp=0x000000c520bfe968 mode 2

Classes loaded (20 events):
Event: 18550.332 Loading class jdk/internal/module/IllegalAccessLogger
Event: 18550.332 Loading class jdk/internal/module/IllegalAccessLogger done
Event: 18551.440 Loading class java/io/CharArrayWriter
Event: 18551.442 Loading class java/io/CharArrayWriter done
Event: 18563.294 Loading class jdk/internal/module/IllegalAccessLogger
Event: 18563.294 Loading class jdk/internal/module/IllegalAccessLogger done
Event: 18758.613 Loading class jdk/internal/module/IllegalAccessLogger
Event: 18758.621 Loading class jdk/internal/module/IllegalAccessLogger done
Event: 18760.143 Loading class jdk/internal/module/IllegalAccessLogger
Event: 18760.143 Loading class jdk/internal/module/IllegalAccessLogger done
Event: 20268.762 Loading class jdk/internal/module/IllegalAccessLogger
Event: 20268.764 Loading class jdk/internal/module/IllegalAccessLogger done
Event: 20271.928 Loading class jdk/internal/module/IllegalAccessLogger
Event: 20271.928 Loading class jdk/internal/module/IllegalAccessLogger done
Event: 20273.383 Loading class jdk/internal/module/IllegalAccessLogger
Event: 20273.383 Loading class jdk/internal/module/IllegalAccessLogger done
Event: 20746.037 Loading class jdk/internal/module/IllegalAccessLogger
Event: 20746.040 Loading class jdk/internal/module/IllegalAccessLogger done
Event: 20748.333 Loading class jdk/internal/module/IllegalAccessLogger
Event: 20748.333 Loading class jdk/internal/module/IllegalAccessLogger done

Classes unloaded (20 events):
Event: 6042.393 Thread 0x000001e5bdd9e9a0 Unloading class 0x000001e5d6016400 'java/lang/invoke/LambdaForm$MH+0x000001e5d6016400'
Event: 6042.393 Thread 0x000001e5bdd9e9a0 Unloading class 0x000001e5d600d800 'java/lang/invoke/LambdaForm$MH+0x000001e5d600d800'
Event: 6042.393 Thread 0x000001e5bdd9e9a0 Unloading class 0x000001e5d600d400 'java/lang/invoke/LambdaForm$MH+0x000001e5d600d400'
Event: 6042.393 Thread 0x000001e5bdd9e9a0 Unloading class 0x000001e5d600d000 'java/lang/invoke/LambdaForm$MH+0x000001e5d600d000'
Event: 6042.393 Thread 0x000001e5bdd9e9a0 Unloading class 0x000001e5d600cc00 'java/lang/invoke/LambdaForm$MH+0x000001e5d600cc00'
Event: 6042.393 Thread 0x000001e5bdd9e9a0 Unloading class 0x000001e5d600c800 'java/lang/invoke/LambdaForm$BMH+0x000001e5d600c800'
Event: 6042.393 Thread 0x000001e5bdd9e9a0 Unloading class 0x000001e5d600c000 'java/lang/invoke/LambdaForm$DMH+0x000001e5d600c000'
Event: 6042.394 Thread 0x000001e5bdd9e9a0 Unloading class 0x000001e5d6008c00 'java/lang/invoke/LambdaForm$MH+0x000001e5d6008c00'
Event: 6042.394 Thread 0x000001e5bdd9e9a0 Unloading class 0x000001e5d6008800 'java/lang/invoke/LambdaForm$MH+0x000001e5d6008800'
Event: 6042.394 Thread 0x000001e5bdd9e9a0 Unloading class 0x000001e5d6008400 'java/lang/invoke/LambdaForm$MH+0x000001e5d6008400'
Event: 6042.394 Thread 0x000001e5bdd9e9a0 Unloading class 0x000001e5d6007000 'java/lang/invoke/LambdaForm$MH+0x000001e5d6007000'
Event: 6042.394 Thread 0x000001e5bdd9e9a0 Unloading class 0x000001e5d6006800 'java/lang/invoke/LambdaForm$MH+0x000001e5d6006800'
Event: 6042.395 Thread 0x000001e5bdd9e9a0 Unloading class 0x000001e5d6006400 'java/lang/invoke/LambdaForm$MH+0x000001e5d6006400'
Event: 6042.395 Thread 0x000001e5bdd9e9a0 Unloading class 0x000001e5d6006000 'java/lang/invoke/LambdaForm$MH+0x000001e5d6006000'
Event: 6042.395 Thread 0x000001e5bdd9e9a0 Unloading class 0x000001e5d6005c00 'java/lang/invoke/LambdaForm$BMH+0x000001e5d6005c00'
Event: 6042.395 Thread 0x000001e5bdd9e9a0 Unloading class 0x000001e5d6004800 'java/lang/invoke/LambdaForm$DMH+0x000001e5d6004800'
Event: 6042.395 Thread 0x000001e5bdd9e9a0 Unloading class 0x000001e5d6002800 'java/lang/invoke/LambdaForm$MH+0x000001e5d6002800'
Event: 6042.396 Thread 0x000001e5bdd9e9a0 Unloading class 0x000001e5d6002400 'java/lang/invoke/LambdaForm$MH+0x000001e5d6002400'
Event: 6042.396 Thread 0x000001e5bdd9e9a0 Unloading class 0x000001e5d6002000 'java/lang/invoke/LambdaForm$MH+0x000001e5d6002000'
Event: 6042.396 Thread 0x000001e5bdd9e9a0 Unloading class 0x000001e5d6001800 'java/lang/invoke/LambdaForm$MH+0x000001e5d6001800'

Classes redefined (0 events):
No events

Internal exceptions (20 events):
Event: 20749.189 Thread 0x000001e61f2b4a30 Exception <a 'sun/nio/fs/WindowsException'{0x00000000d56845d8}> (0x00000000d56845d8) 
thrown [s\src\hotspot\share\prims\jni.cpp, line 520]
Event: 20749.193 Thread 0x000001e61f2b4a30 Exception <a 'sun/nio/fs/WindowsException'{0x00000000d56863d8}> (0x00000000d56863d8) 
thrown [s\src\hotspot\share\prims\jni.cpp, line 520]
Event: 20749.198 Thread 0x000001e61f2b4a30 Exception <a 'sun/nio/fs/WindowsException'{0x00000000d5687fb0}> (0x00000000d5687fb0) 
thrown [s\src\hotspot\share\prims\jni.cpp, line 520]
Event: 20749.201 Thread 0x000001e61f2b4a30 Exception <a 'sun/nio/fs/WindowsException'{0x00000000d5689e48}> (0x00000000d5689e48) 
thrown [s\src\hotspot\share\prims\jni.cpp, line 520]
Event: 20749.204 Thread 0x000001e61f2b4a30 Exception <a 'sun/nio/fs/WindowsException'{0x00000000d568b888}> (0x00000000d568b888) 
thrown [s\src\hotspot\share\prims\jni.cpp, line 520]
Event: 20749.206 Thread 0x000001e61f2b4a30 Exception <a 'sun/nio/fs/WindowsException'{0x00000000d568d350}> (0x00000000d568d350) 
thrown [s\src\hotspot\share\prims\jni.cpp, line 520]
Event: 20749.209 Thread 0x000001e61f2b4a30 Exception <a 'sun/nio/fs/WindowsException'{0x00000000d568eff0}> (0x00000000d568eff0) 
thrown [s\src\hotspot\share\prims\jni.cpp, line 520]
Event: 20749.212 Thread 0x000001e61f2b4a30 Exception <a 'sun/nio/fs/WindowsException'{0x00000000d5690a58}> (0x00000000d5690a58) 
thrown [s\src\hotspot\share\prims\jni.cpp, line 520]
Event: 20749.216 Thread 0x000001e61f2b4a30 Exception <a 'sun/nio/fs/WindowsException'{0x00000000d5692498}> (0x00000000d5692498) 
thrown [s\src\hotspot\share\prims\jni.cpp, line 520]
Event: 20749.220 Thread 0x000001e61f2b4a30 Exception <a 'sun/nio/fs/WindowsException'{0x00000000d569afc0}> (0x00000000d569afc0) 
thrown [s\src\hotspot\share\prims\jni.cpp, line 520]
Event: 20749.224 Thread 0x000001e61f2b4a30 Exception <a 'sun/nio/fs/WindowsException'{0x00000000d569ca60}> (0x00000000d569ca60) 
thrown [s\src\hotspot\share\prims\jni.cpp, line 520]
Event: 20749.228 Thread 0x000001e61f2b4a30 Exception <a 'sun/nio/fs/WindowsException'{0x00000000d569e748}> (0x00000000d569e748) 
thrown [s\src\hotspot\share\prims\jni.cpp, line 520]
Event: 20749.231 Thread 0x000001e61f2b4a30 Exception <a 'sun/nio/fs/WindowsException'{0x00000000d56a02f0}> (0x00000000d56a02f0) 
thrown [s\src\hotspot\share\prims\jni.cpp, line 520]
Event: 20749.234 Thread 0x000001e61f2b4a30 Exception <a 'sun/nio/fs/WindowsException'{0x00000000d56a1e70}> (0x00000000d56a1e70) 
thrown [s\src\hotspot\share\prims\jni.cpp, line 520]
Event: 20749.237 Thread 0x000001e61f2b4a30 Exception <a 'sun/nio/fs/WindowsException'{0x00000000d56a3c70}> (0x00000000d56a3c70) 
thrown [s\src\hotspot\share\prims\jni.cpp, line 520]
Event: 20749.241 Thread 0x000001e61f2b4a30 Exception <a 'sun/nio/fs/WindowsException'{0x00000000d56a5728}> (0x00000000d56a5728) 
thrown [s\src\hotspot\share\prims\jni.cpp, line 520]
Event: 20749.244 Thread 0x000001e61f2b4a30 Exception <a 'sun/nio/fs/WindowsException'{0x00000000d56a7488}> (0x00000000d56a7488) 
thrown [s\src\hotspot\share\prims\jni.cpp, line 520]
Event: 20749.247 Thread 0x000001e61f2b4a30 Exception <a 'sun/nio/fs/WindowsException'{0x00000000d56a9008}> (0x00000000d56a9008) 
thrown [s\src\hotspot\share\prims\jni.cpp, line 520]
Event: 20749.250 Thread 0x000001e61f2b4a30 Exception <a 'sun/nio/fs/WindowsException'{0x00000000d56aaac0}> (0x00000000d56aaac0) 
thrown [s\src\hotspot\share\prims\jni.cpp, line 520]
Event: 20749.260 Thread 0x000001e61f2b4a30 Exception <a 'sun/nio/fs/WindowsException'{0x00000000d5749368}> (0x00000000d5749368) 
thrown [s\src\hotspot\share\prims\jni.cpp, line 520]

ZGC Phase Switch (0 events):
No events

VM Operations (20 events):
Event: 20748.383 Executing safepoint VM operation: ParallelGCFailedAllocation (Allocation Failure)
Event: 20748.389 Executing safepoint VM operation: ParallelGCFailedAllocation (Allocation Failure) done
Event: 20748.450 Executing safepoint VM operation: ParallelGCFailedAllocation (Allocation Failure)
Event: 20748.459 Executing safepoint VM operation: ParallelGCFailedAllocation (Allocation Failure) done
Event: 20749.055 Executing safepoint VM operation: ParallelGCFailedAllocation (Allocation Failure)
Event: 20749.059 Executing safepoint VM operation: ParallelGCFailedAllocation (Allocation Failure) done
Event: 20749.270 Executing safepoint VM operation: ParallelGCFailedAllocation (Allocation Failure)
Event: 20749.275 Executing safepoint VM operation: ParallelGCFailedAllocation (Allocation Failure) done
Event: 20749.395 Executing safepoint VM operation: ParallelGCFailedAllocation (Allocation Failure)
Event: 20749.400 Executing safepoint VM operation: ParallelGCFailedAllocation (Allocation Failure) done
Event: 20750.410 Executing safepoint VM operation: Cleanup
Event: 20750.410 Executing safepoint VM operation: Cleanup done
Event: 20803.732 Executing non-safepoint VM operation: HandshakeAllThreads (HandshakeForDeflation)
Event: 20803.735 Executing non-safepoint VM operation: HandshakeAllThreads (HandshakeForDeflation) done
Event: 20803.735 Executing non-safepoint VM operation: RendezvousGCThreads
Event: 20803.735 Executing non-safepoint VM operation: RendezvousGCThreads done
Event: 20863.774 Executing non-safepoint VM operation: HandshakeAllThreads (HandshakeForDeflation)
Event: 20863.795 Executing non-safepoint VM operation: HandshakeAllThreads (HandshakeForDeflation) done
Event: 20863.796 Executing non-safepoint VM operation: RendezvousGCThreads
Event: 20863.796 Executing non-safepoint VM operation: RendezvousGCThreads done

Memory protections (0 events):
No events

Nmethod flushes (20 events):
Event: 6043.599 Thread 0x000001e5bdd9e9a0 flushing  nmethod 0x000001e5c21a2690
Event: 6043.599 Thread 0x000001e5bdd9e9a0 flushing  nmethod 0x000001e5c21a8b10
Event: 6043.599 Thread 0x000001e5bdd9e9a0 flushing  nmethod 0x000001e5c21a9e90
Event: 6043.599 Thread 0x000001e5bdd9e9a0 flushing  nmethod 0x000001e5c21abe90
Event: 6043.599 Thread 0x000001e5bdd9e9a0 flushing  nmethod 0x000001e5c21d4490
Event: 6043.599 Thread 0x000001e5bdd9e9a0 flushing  nmethod 0x000001e5c21d4f10
Event: 6043.599 Thread 0x000001e5bdd9e9a0 flushing  nmethod 0x000001e5c21d5790
Event: 6043.600 Thread 0x000001e5bdd9e9a0 flushing  nmethod 0x000001e5c223b410
Event: 6043.600 Thread 0x000001e5bdd9e9a0 flushing  nmethod 0x000001e5c2245a90
Event: 6043.600 Thread 0x000001e5bdd9e9a0 flushing  nmethod 0x000001e5c22cdd10
Event: 6043.600 Thread 0x000001e5bdd9e9a0 flushing  nmethod 0x000001e5c22f3a10
Event: 6043.600 Thread 0x000001e5bdd9e9a0 flushing  nmethod 0x000001e5c22f3e90
Event: 6043.600 Thread 0x000001e5bdd9e9a0 flushing  nmethod 0x000001e5c22f4510
Event: 6043.600 Thread 0x000001e5bdd9e9a0 flushing  nmethod 0x000001e5c230d410
Event: 6043.600 Thread 0x000001e5bdd9e9a0 flushing  nmethod 0x000001e5c230f390
Event: 6043.600 Thread 0x000001e5bdd9e9a0 flushing  nmethod 0x000001e5c2315710
Event: 6043.600 Thread 0x000001e5bdd9e9a0 flushing  nmethod 0x000001e5c233f190
Event: 6043.600 Thread 0x000001e5bdd9e9a0 flushing  nmethod 0x000001e5c2355590
Event: 6043.600 Thread 0x000001e5bdd9e9a0 flushing  nmethod 0x000001e5c236f110
Event: 6043.600 Thread 0x000001e5bdd9e9a0 flushing  nmethod 0x000001e5c2373a10

Events (20 events):
Event: 20744.054 Thread 0x000001e61f2b4a30 Thread added: 0x000001e61f2b98f0
Event: 20744.055 Thread 0x000001e61f2b4a30 Thread added: 0x000001e61f2b9f80
Event: 20744.056 Thread 0x000001e61f2b4a30 Thread added: 0x000001e61d8170e0
Event: 20744.056 Thread 0x000001e61f2b4a30 Thread added: 0x000001e61d817770
Event: 20744.056 Thread 0x000001e61f2b4a30 Thread added: 0x000001e61d817e00
Event: 20745.898 Thread 0x000001e5bdca2e20 Thread added: 0x000001e61c2154e0
Event: 20746.060 Thread 0x000001e61f2b4a30 Thread added: 0x000001e61d815010
Event: 20746.172 Thread 0x000001e61f2b4a30 Thread added: 0x000001e61d81abf0
Event: 20746.260 Thread 0x000001e61f2b4a30 Thread added: 0x000001e61d81b280
Event: 20746.279 Thread 0x000001e61f2b4a30 Thread added: 0x000001e61d81bfa0
Event: 20746.298 Thread 0x000001e61f2b4a30 Thread added: 0x000001e61ba07630
Event: 20746.325 Thread 0x000001e61f2b4a30 Thread added: 0x000001e61c7c4220
Event: 20746.327 Thread 0x000001e61f2b4a30 Thread added: 0x000001e6285a4da0
Event: 20747.611 Thread 0x000001e61c2154e0 Thread exited: 0x000001e61c2154e0
Event: 20811.978 Thread 0x000001e61f2b5750 Thread exited: 0x000001e61f2b5750
Event: 20812.011 Thread 0x000001e61f2b6470 Thread exited: 0x000001e61f2b6470
Event: 20812.029 Thread 0x000001e61f2b2ff0 Thread exited: 0x000001e61f2b2ff0
Event: 20813.064 Thread 0x000001e61f2b43a0 Thread exited: 0x000001e61f2b43a0
Event: 20814.275 Thread 0x000001e61d815010 Thread exited: 0x000001e61d815010
Event: 20872.310 Thread 0x000001e61f2b9260 Thread exited: 0x000001e61f2b9260


Dynamic libraries:
0x00007ff740370000 - 0x00007ff74037e000 	c:\Users\prudh\.antigravity\extensions\redhat.java-1.53.0-win32-x64\jre\21.0.10-win32-x86_64\bin\java.exe
0x00007ffb682e0000 - 0x00007ffb68547000 	C:\WINDOWS\SYSTEM32\ntdll.dll
0x00007ffb66b50000 - 0x00007ffb66c19000 	C:\WINDOWS\System32\KERNEL32.DLL
0x00007ffb65090000 - 0x00007ffb65481000 	C:\WINDOWS\System32\KERNELBASE.dll
0x00007ffb64f40000 - 0x00007ffb6508b000 	C:\WINDOWS\System32\ucrtbase.dll
0x00007ffb5c460000 - 0x00007ffb5c478000 	c:\Users\prudh\.antigravity\extensions\redhat.java-1.53.0-win32-x64\jre\21.0.10-win32-x86_64\bin\jli.dll
0x00007ffb5b320000 - 0x00007ffb5b33e000 	c:\Users\prudh\.antigravity\extensions\redhat.java-1.53.0-win32-x64\jre\21.0.10-win32-x86_64\bin\VCRUNTIME140.dll
0x00007ffb66cc0000 - 0x00007ffb66e85000 	C:\WINDOWS\System32\USER32.dll
0x00007ffb64e60000 - 0x00007ffb64e87000 	C:\WINDOWS\System32\win32u.dll
0x00007ffb67200000 - 0x00007ffb6722b000 	C:\WINDOWS\System32\GDI32.dll
0x00007ffb64d30000 - 0x00007ffb64e5a000 	C:\WINDOWS\System32\gdi32full.dll
0x00007ffb64e90000 - 0x00007ffb64f33000 	C:\WINDOWS\System32\msvcp_win.dll
0x00007ffb4fc20000 - 0x00007ffb4feb3000 	C:\WINDOWS\WinSxS\amd64_microsoft.windows.common-controls_6595b64144ccf1df_6.0.26100.7922_none_3e089e1ee3342171\COMCTL32.dll
0x00007ffb66090000 - 0x00007ffb66139000 	C:\WINDOWS\System32\msvcrt.dll
0x00007ffb66c20000 - 0x00007ffb66c51000 	C:\WINDOWS\System32\IMM32.DLL
0x00007ffb5a930000 - 0x00007ffb5a93c000 	c:\Users\prudh\.antigravity\extensions\redhat.java-1.53.0-win32-x64\jre\21.0.10-win32-x86_64\bin\vcruntime140_1.dll
0x00007ffb59ee0000 - 0x00007ffb59f6d000 	c:\Users\prudh\.antigravity\extensions\redhat.java-1.53.0-win32-x64\jre\21.0.10-win32-x86_64\bin\msvcp140.dll
0x00007ffabc580000 - 0x00007ffabd321000 	c:\Users\prudh\.antigravity\extensions\redhat.java-1.53.0-win32-x64\jre\21.0.10-win32-x86_64\bin\server\jvm.dll
0x00007ffb67140000 - 0x00007ffb671fb000 	C:\WINDOWS\System32\ADVAPI32.dll
0x00007ffb66340000 - 0x00007ffb663e7000 	C:\WINDOWS\System32\sechost.dll
0x00007ffb67d30000 - 0x00007ffb67e48000 	C:\WINDOWS\System32\RPCRT4.dll
0x00007ffb66140000 - 0x00007ffb661b4000 	C:\WINDOWS\System32\WS2_32.dll
0x00007ffb64a20000 - 0x00007ffb64a7e000 	C:\WINDOWS\SYSTEM32\POWRPROF.dll
0x00007ffb62f40000 - 0x00007ffb62f75000 	C:\WINDOWS\SYSTEM32\WINMM.dll
0x00007ffb5e920000 - 0x00007ffb5e92b000 	C:\WINDOWS\SYSTEM32\VERSION.dll
0x00007ffb64a00000 - 0x00007ffb64a14000 	C:\WINDOWS\SYSTEM32\UMPDC.dll
0x00007ffb63950000 - 0x00007ffb6396b000 	C:\WINDOWS\SYSTEM32\kernel.appcore.dll
0x00007ffb59ed0000 - 0x00007ffb59eda000 	c:\Users\prudh\.antigravity\extensions\redhat.java-1.53.0-win32-x64\jre\21.0.10-win32-x86_64\bin\jimage.dll
0x00007ffb627a0000 - 0x00007ffb629e2000 	C:\WINDOWS\SYSTEM32\DBGHELP.DLL
0x00007ffb67230000 - 0x00007ffb675b2000 	C:\WINDOWS\System32\combase.dll
0x00007ffb66fa0000 - 0x00007ffb67077000 	C:\WINDOWS\System32\OLEAUT32.dll
0x00007ffb62a40000 - 0x00007ffb62a7b000 	C:\WINDOWS\SYSTEM32\dbgcore.DLL
0x00007ffb65e50000 - 0x00007ffb65ef5000 	C:\WINDOWS\System32\bcryptPrimitives.dll
0x00007ffb59ec0000 - 0x00007ffb59ecf000 	c:\Users\prudh\.antigravity\extensions\redhat.java-1.53.0-win32-x64\jre\21.0.10-win32-x86_64\bin\instrument.dll
0x00007ffb59ea0000 - 0x00007ffb59ec0000 	c:\Users\prudh\.antigravity\extensions\redhat.java-1.53.0-win32-x64\jre\21.0.10-win32-x86_64\bin\java.dll
0x00007ffb675c0000 - 0x00007ffb67d1f000 	C:\WINDOWS\System32\SHELL32.dll
0x00007ffb64bc0000 - 0x00007ffb64d2a000 	C:\WINDOWS\System32\wintypes.dll
0x00007ffb655e0000 - 0x00007ffb65e44000 	C:\WINDOWS\System32\windows.storage.dll
0x00007ffb68030000 - 0x00007ffb68127000 	C:\WINDOWS\System32\SHCORE.dll
0x00007ffb662d0000 - 0x00007ffb66337000 	C:\WINDOWS\System32\shlwapi.dll
0x00007ffb64ae0000 - 0x00007ffb64b09000 	C:\WINDOWS\SYSTEM32\profapi.dll
0x00007ffb59e80000 - 0x00007ffb59e98000 	c:\Users\prudh\.antigravity\extensions\redhat.java-1.53.0-win32-x64\jre\21.0.10-win32-x86_64\bin\zip.dll
0x00007ffb59bb0000 - 0x00007ffb59bc0000 	C:\Users\prudh\.antigravity\extensions\redhat.java-1.53.0-win32-x64\jre\21.0.10-win32-x86_64\bin\net.dll
0x00007ffb5bf70000 - 0x00007ffb5c097000 	C:\WINDOWS\SYSTEM32\WINHTTP.dll
0x00007ffb63ec0000 - 0x00007ffb63f2b000 	C:\WINDOWS\system32\mswsock.dll
0x00007ffb59b90000 - 0x00007ffb59ba6000 	C:\Users\prudh\.antigravity\extensions\redhat.java-1.53.0-win32-x64\jre\21.0.10-win32-x86_64\bin\nio.dll
0x00007ffb59e70000 - 0x00007ffb59e80000 	c:\Users\prudh\.antigravity\extensions\redhat.java-1.53.0-win32-x64\jre\21.0.10-win32-x86_64\bin\verify.dll
0x00007ffb59dc0000 - 0x00007ffb59e05000 	C:\Users\prudh\AppData\Roaming\Antigravity\User\globalStorage\redhat.java\1.53.0\config_win\org.eclipse.equinox.launcher\org.eclipse.equinox.launcher.win32.win32.x86_64_1.3.0.v20260203-2149\eclipse_11919.dll
0x00007ffb663f0000 - 0x00007ffb66585000 	C:\WINDOWS\System32\ole32.dll
0x00007ffb641a0000 - 0x00007ffb641bb000 	C:\WINDOWS\SYSTEM32\CRYPTSP.dll
0x00007ffb638b0000 - 0x00007ffb638e9000 	C:\WINDOWS\system32\rsaenh.dll
0x00007ffb63f70000 - 0x00007ffb63fa2000 	C:\WINDOWS\SYSTEM32\USERENV.dll
0x00007ffb64ab0000 - 0x00007ffb64ada000 	C:\WINDOWS\SYSTEM32\bcrypt.dll
0x00007ffb641c0000 - 0x00007ffb641cc000 	C:\WINDOWS\SYSTEM32\CRYPTBASE.dll
0x00007ffb63340000 - 0x00007ffb63373000 	C:\WINDOWS\SYSTEM32\IPHLPAPI.DLL
0x00007ffb66080000 - 0x00007ffb6608a000 	C:\WINDOWS\System32\NSI.dll
0x00007ffb59cd0000 - 0x00007ffb59d19000 	C:\Users\prudh\AppData\Local\Temp\jna-106946167\jna2943577091905729844.dll
0x00007ffb68130000 - 0x00007ffb68138000 	C:\WINDOWS\System32\PSAPI.DLL
0x00007ffb5cf30000 - 0x00007ffb5cf4d000 	C:\WINDOWS\SYSTEM32\dhcpcsvc6.DLL
0x00007ffb5cde0000 - 0x00007ffb5ce03000 	C:\WINDOWS\SYSTEM32\dhcpcsvc.DLL
0x00007ffb63a70000 - 0x00007ffb63aa6000 	C:\WINDOWS\SYSTEM32\ntmarta.dll

JVMTI agents:
c:\Users\prudh\.antigravity\extensions\redhat.java-1.53.0-win32-x64\lombok\lombok-1.18.39-4050.jar path:c:\Users\prudh\.antigravity\extensions\redhat.java-1.53.0-win32-x64\jre\21.0.10-win32-x86_64\bin\instrument.dll, loaded, initialized, instrumentlib options:none

dbghelp: loaded successfully - version: 4.0.5 - missing functions: none
symbol engine: initialized successfully - sym options: 0x614 - pdb path: .;c:\Users\prudh\.antigravity\extensions\redhat.java-1.53.0-win32-x64\jre\21.0.10-win32-x86_64\bin;C:\WINDOWS\SYSTEM32;C:\WINDOWS\WinSxS\amd64_microsoft.windows.common-controls_6595b64144ccf1df_6.0.26100.7922_none_3e089e1ee3342171;c:\Users\prudh\.antigravity\extensions\redhat.java-1.53.0-win32-x64\jre\21.0.10-win32-x86_64\bin\server;C:\Users\prudh\AppData\Roaming\Antigravity\User\globalStorage\redhat.java\1.53.0\config_win\org.eclipse.equinox.launcher\org.eclipse.equinox.launcher.win32.win32.x86_64_1.3.0.v20260203-2149;C:\Users\prudh\AppData\Local\Temp\jna-106946167

VM Arguments:
jvm_args: --add-modules=ALL-SYSTEM --add-opens=java.base/java.util=ALL-UNNAMED --add-opens=java.base/java.lang=ALL-UNNAMED --add-opens=java.base/sun.nio.fs=ALL-UNNAMED -Declipse.application=org.eclipse.jdt.ls.core.id1 -Dosgi.bundles.defaultStartLevel=4 -Declipse.product=org.eclipse.jdt.ls.core.product -Djava.import.generatesMetadataFilesAtProjectRoot=false -DDetectVMInstallationsJob.disabled=true -Dfile.encoding=utf8 -XX:+UseParallelGC -XX:GCTimeRatio=4 -XX:AdaptiveSizePolicyWeight=90 -Dsun.zip.disableMemoryMapping=true -Xmx2G -Xms100m -Xlog:disable -javaagent:c:\Users\prudh\.antigravity\extensions\redhat.java-1.53.0-win32-x64\lombok\lombok-1.18.39-4050.jar -XX:+HeapDumpOnOutOfMemoryError -XX:HeapDumpPath=c:\Users\prudh\AppData\Roaming\Antigravity\User\workspaceStorage\daec989e494fcfdffdd0d27b39ac80d5\redhat.java -Daether.dependencyCollector.impl=bf 
java_command: c:\Users\prudh\.antigravity\extensions\redhat.java-1.53.0-win32-x64\server\plugins\org.eclipse.equinox.launcher_1.7.100.v20251111-0406.jar -configuration c:\Users\prudh\AppData\Roaming\Antigravity\User\globalStorage\redhat.java\1.53.0\config_win -data c:\Users\prudh\AppData\Roaming\Antigravity\User\workspaceStorage\daec989e494fcfdffdd0d27b39ac80d5\redhat.java\jdt_ws --pipe=\\.\pipe\lsp-925e4bb70e9b0d1c0726de946e3a2383-sock
java_class_path (initial): c:\Users\prudh\.antigravity\extensions\redhat.java-1.53.0-win32-x64\server\plugins\org.eclipse.equinox.launcher_1.7.100.v20251111-0406.jar
Launcher Type: SUN_STANDARD

[Global flags]
    uintx AdaptiveSizePolicyWeight                 = 90                                        {product} {command line}
     intx CICompilerCount                          = 4                                         {product} {ergonomic}
    uintx GCTimeRatio                              = 4                                         {product} {command line}
     bool HeapDumpOnOutOfMemoryError               = true                                   {manageable} {command line}
    ccstr HeapDumpPath                             = c:\Users\prudh\AppData\Roaming\Antigravity\User\workspaceStorage\daec989e494fcfdffdd0d27b39ac80d5\redhat.java         {manageable} {command line}
   size_t InitialHeapSize                          = 104857600                                 {product} {command line}
   size_t MaxHeapSize                              = 2147483648                                {product} {command line}
   size_t MaxNewSize                               = 715653120                                 {product} {ergonomic}
   size_t MinHeapDeltaBytes                        = 524288                                    {product} {ergonomic}
   size_t MinHeapSize                              = 104857600                                 {product} {command line}
   size_t NewSize                                  = 34603008                                  {product} {ergonomic}
    uintx NonNMethodCodeHeapSize                   = 5839372                                {pd product} {ergonomic}
    uintx NonProfiledCodeHeapSize                  = 122909434                              {pd product} {ergonomic}
   size_t OldSize                                  = 70254592                                  {product} {ergonomic}
    uintx ProfiledCodeHeapSize                     = 122909434                              {pd product} {ergonomic}
    uintx ReservedCodeCacheSize                    = 251658240                              {pd product} {ergonomic}
     bool SegmentedCodeCache                       = true                                      {product} {ergonomic}
   size_t SoftMaxHeapSize                          = 2147483648                             {manageable} {ergonomic}
     bool UseCompressedOops                        = true                           {product lp64_product} {ergonomic}
     bool UseLargePagesIndividualAllocation        = false                                  {pd product} {ergonomic}
     bool UseParallelGC                            = true                                      {product} {command line}

Logging:
Log output configuration:
 #0: stdout all=off uptime,level,tags foldmultilines=false
 #1: stderr all=off uptime,level,tags foldmultilines=false

Release file:
JAVA_VERSION="21.0.10" 
MODULES="java.base java.compiler java.datatransfer java.xml java.prefs java.desktop java.instrument java.logging java.management java.security.sasl java.naming java.rmi java.management.rmi java.net.http java.scripting java.security.jgss java.transaction.xa java.sql java.sql.rowset java.xml.crypto java.se java.smartcardio jdk.accessibility jdk.internal.jvmstat jdk.attach jdk.charsets jdk.internal.opt jdk.zipfs jdk.compiler jdk.crypto.ec jdk.crypto.cryptoki jdk.crypto.mscapi jdk.dynalink jdk.internal.ed jdk.editpad jdk.hotspot.agent jdk.httpserver jdk.internal.le jdk.internal.vm.ci jdk.internal.vm.compiler jdk.internal.vm.compiler.management jdk.jartool jdk.javadoc jdk.jcmd jdk.management jdk.management.agent jdk.jconsole jdk.jdeps jdk.jdwp.agent jdk.jdi jdk.jfr jdk.jshell jdk.jsobject jdk.jstatd jdk.localedata jdk.management.jfr jdk.naming.dns jdk.naming.rmi jdk.net jdk.nio.mapmode jdk.random jdk.sctp jdk.security.auth jdk.security.jgss jdk.unsupported jdk.unsupported.desktop jdk.xml.dom" 

Environment Variables:
PATH=C:\Oracle\WINDOWS.X64_213000_db_home\bin;C:\Program Files\Common Files\Oracle\Java\javapath;C:\WINDOWS\system32;C:\WINDOWS;C:\WINDOWS\System32\Wbem;C:\WINDOWS\System32\WindowsPowerShell\v1.0\;C:\WINDOWS\System32\OpenSSH\;C:\Program Files\Git\cmd;C:\Program Files\nodejs\;C:\Program Files\Java\jdk-21\bin;C:\Program Files\maven\apache-maven-3.9.12\bin;C:\Program Files\MySQL\MySQL Server 8.0\bin;C:\Program Files\MySQL\MySQL Shell 8.0\bin\;C:\Users\prudh\AppData\Local\Programs\Python\Python314\Scripts\;C:\Users\prudh\AppData\Local\Programs\Python\Python314\;C:\Users\prudh\AppData\Local\Programs\Python\Python312\Scripts\;C:\Users\prudh\AppData\Local\Programs\Python\Python312\;C:\Users\prudh\AppData\Local\Microsoft\WindowsApps;C:\Users\prudh\AppData\Local\Programs\Microsoft VS Code\bin;C:\Users\prudh\AppData\Roaming\npm;C:\Program Files\JetBrains\IntelliJ IDEA 2025.3.2\bin;C:\Users\prudh\AppData\Local\Programs\Antigravity\bin
USERNAME=prudh
OS=Windows_NT
PROCESSOR_IDENTIFIER=AMD64 Family 23 Model 96 Stepping 1, AuthenticAMD
TMP=C:\Users\prudh\AppData\Local\Temp
TEMP=C:\Users\prudh\AppData\Local\Temp




Periodic native trim disabled

---------------  S Y S T E M  ---------------

OS:
 Windows 11 , 64 bit Build 26100 (10.0.26100.7920)
OS uptime: 0 days 12:19 hours
Hyper-V role detected

CPU: total 8 (initial active 8) (8 cores per cpu, 1 threads per core) family 23 model 96 stepping 1 microcode 0x8600104, cx8, cmov, fxsr, mmx, 3dnowpref, sse, sse2, sse3, ssse3, sse4a, sse4.1, sse4.2, popcnt, lzcnt, tsc, tscinvbit, avx, avx2, aes, clmul, bmi1, bmi2, adx, sha, fma, vzeroupper, clflush, clflushopt, hv, rdtscp, rdpid, f16c
Processor Information for the first 8 processors :
  Max Mhz: 2000, Current Mhz: 1400, Mhz Limit: 2000

Memory: 4k page, system-wide physical 7549M (542M free)
TotalPageFile size 31101M (AvailPageFile size 3M)
current process WorkingSet (physical memory assigned to process): 7M, peak: 508M
current process commit charge ("private bytes"): 1544M, peak: 1546M

vm_info: OpenJDK 64-Bit Server VM (21.0.10+7-LTS) for windows-amd64 JRE (21.0.10+7-LTS), built on 2026-01-20T00:00:00Z by "admin" with MS VC++ 17.12 (VS2022)

END.
